<html>
<body>
<pre>
<h1>礦ision Build Log</h1>
<h2>Tool Versions:</h2>
IDE-Version: μVision V5.31.0.0
Copyright (C) 2020 ARM Ltd and ARM Germany GmbH. All rights reserved.
License Information: x Xuhuajin, x, LIC=GMZJJ-U32YL-RAMDM-XSDUX-YUSX5-VK4TP
 
Tool Versions:
Toolchain:       MDK-ARM Plus  Version: 5.31.0.0
Toolchain Path:  D:\D_Software_StartUp\Keil_V5\ARM\ARMCC\Bin
C Compiler:      Armcc.exe V5.06 update 6 (build 750)
Assembler:       Armasm.exe V5.06 update 6 (build 750)
Linker/Locator:  ArmLink.exe V5.06 update 6 (build 750)
Library Manager: ArmAr.exe V5.06 update 6 (build 750)
Hex Converter:   FromElf.exe V5.06 update 6 (build 750)
CPU DLL:         SARMCM3.DLL V5.31.0.0
Dialog DLL:      DCM.DLL V1.17.3.0
Target DLL:      CMSIS_AGDI.dll V1.32.6.0
Dialog DLL:      TCM.DLL V1.46.0.0
 
<h2>Project:</h2>
C:\Users\Xuhuajin\Desktop\LabVIEW课设\直流有刷电机-位置环控制-增量式PID\Project\Fire_F103VE.uvprojx
Project File Date:  12/28/2020

<h2>Output:</h2>
*** Using Compiler 'V5.06 update 6 (build 750)', folder: 'D:\D_Software_StartUp\Keil_V5\ARM\ARMCC\Bin'
Build target 'TIM'
compiling bsp_motor_control.c...
..\User\motor_control\bsp_motor_control.c(154): warning:  #167-D: argument of type "volatile int32_t *" is incompatible with parameter of type "void *"
  			set_computer_value(SEND_FACT_CMD, CURVES_CH1, &Capture_Count, 1);                // 给通道 1 发送实际值
..\User\motor_control\bsp_motor_control.c: 1 warning, 0 errors
linking...
Program Size: Code=14668 RO-data=292 RW-data=36 ZI-data=2132  
FromELF: creating hex file...
"..\Output\Fire_F103ZE.axf" - 0 Error(s), 1 Warning(s).

<h2>Software Packages used:</h2>

Package Vendor: Keil
                http://www.keil.com/pack/Keil.STM32F1xx_DFP.2.3.0.pack
                Keil.STM32F1xx_DFP.2.3.0
                STMicroelectronics STM32F1 Series Device Support, Drivers and Examples

<h2>Collection of Component include folders:</h2>
  C:\Users\Xuhuajin\AppData\Local\Arm\Packs\Keil\STM32F1xx_DFP\2.3.0\Device\Include

<h2>Collection of Component Files used:</h2>
Build Time Elapsed:  00:00:04
</pre>
</body>
</html>
